Archive member included to satisfy reference by file (symbol)

../../..//software/libc/libc.a(minimal__home_alex_litex_myprojects_build_sim_software_include_.._picolibc_src_libc_stdio_fgetc.o)
                              donut.o (getc)
../../..//software/libc/libc.a(minimal__home_alex_litex_myprojects_build_sim_software_include_.._picolibc_src_libc_stdio_fputc.o)
                              donut.o (fputc)
../../..//software/libc/libc.a(minimal__home_alex_litex_myprojects_build_sim_software_include_.._picolibc_src_libc_stdio_fputs.o)
                              donut.o (fputs)
../../..//software/libc/libc.a(minimal__home_alex_litex_myprojects_build_sim_software_include_.._picolibc_src_libc_stdio_printf.o)
                              helloc.o (printf)
../../..//software/libc/libc.a(minimal__home_alex_litex_myprojects_build_sim_software_include_.._picolibc_src_libc_machine_riscv_memset.o)
                              donut.o (memset)
../../..//software/libc/libc.a(minimal__home_alex_litex_myprojects_build_sim_software_include_.._picolibc_src_libc_stdio_vfiprintf.o)
                              ../../..//software/libc/libc.a(minimal__home_alex_litex_myprojects_build_sim_software_include_.._picolibc_src_libc_stdio_printf.o) (vfprintf)
../../..//software/libc/libc.a(_libc_minimal.a)
                              donut.o (stdin)
../../..//software/libc/libc.a(minimal__home_alex_litex_myprojects_build_sim_software_include_.._picolibc_src_libc_string_strnlen.o)
                              ../../..//software/libc/libc.a(minimal__home_alex_litex_myprojects_build_sim_software_include_.._picolibc_src_libc_stdio_vfiprintf.o) (strnlen)
../../..//software/libbase/libbase.a(console.o)
                              donut.o (readchar_nonblock)
../../..//software/libbase/libbase.a(uart.o)
                              ../../..//software/libc/libc.a(_libc_minimal.a) (uart_read)
../../..//software/libbase/libbase.a(startup.o)
                              crt0.o (litex_startup_init)
../../..//software/libbase/libbase.a(isr.o)
                              ../../..//software/libbase/libbase.a(startup.o) (irq_init)
../../..//software/libcompiler_rt/libcompiler_rt.a(ctzsi2.o)
                              ../../..//software/libbase/libbase.a(isr.o) (__ctzsi2)

Discarded input sections

 .group         0x0000000000000000        0xc donut.o
 .group         0x0000000000000000        0xc donut.o
 .group         0x0000000000000000        0xc donut.o
 .group         0x0000000000000000        0xc donut.o
 .group         0x0000000000000000        0xc donut.o
 .group         0x0000000000000000        0xc donut.o
 .group         0x0000000000000000        0xc donut.o
 .group         0x0000000000000000        0xc donut.o
 .group         0x0000000000000000        0xc donut.o
 .group         0x0000000000000000        0xc donut.o
 .group         0x0000000000000000        0xc donut.o
 .group         0x0000000000000000        0xc donut.o
 .group         0x0000000000000000        0xc donut.o
 .group         0x0000000000000000        0xc donut.o
 .group         0x0000000000000000        0xc donut.o
 .group         0x0000000000000000        0xc donut.o
 .group         0x0000000000000000        0xc donut.o
 .group         0x0000000000000000        0xc donut.o
 .group         0x0000000000000000        0xc donut.o
 .group         0x0000000000000000        0xc donut.o
 .group         0x0000000000000000        0xc donut.o
 .group         0x0000000000000000        0xc donut.o
 .group         0x0000000000000000        0xc donut.o
 .text          0x0000000000000000        0x0 donut.o
 .data          0x0000000000000000        0x0 donut.o
 .bss           0x0000000000000000        0x0 donut.o
 .rodata.donut.str1.4
                0x0000000000000000       0x15 donut.o
 .text.donut    0x0000000000000000      0x3c4 donut.o
 .bss.b         0x0000000000000000      0x6e0 donut.o
 .bss.z         0x0000000000000000      0x6e0 donut.o
 .debug_info    0x0000000000000000      0x429 donut.o
 .debug_abbrev  0x0000000000000000      0x1ad donut.o
 .debug_loc     0x0000000000000000      0x85f donut.o
 .debug_aranges
                0x0000000000000000       0x20 donut.o
 .debug_ranges  0x0000000000000000      0x188 donut.o
 .debug_macro   0x0000000000000000      0x126 donut.o
 .debug_macro   0x0000000000000000      0x70c donut.o
 .debug_macro   0x0000000000000000      0x220 donut.o
 .debug_macro   0x0000000000000000       0x9c donut.o
 .debug_macro   0x0000000000000000       0x34 donut.o
 .debug_macro   0x0000000000000000       0x58 donut.o
 .debug_macro   0x0000000000000000       0x5b donut.o
 .debug_macro   0x0000000000000000      0x253 donut.o
 .debug_macro   0x0000000000000000       0x10 donut.o
 .debug_macro   0x0000000000000000       0x97 donut.o
 .debug_macro   0x0000000000000000       0x10 donut.o
 .debug_macro   0x0000000000000000       0x58 donut.o
 .debug_macro   0x0000000000000000       0x16 donut.o
 .debug_macro   0x0000000000000000       0x20 donut.o
[...]
Memory Configuration

Name             Origin             Length             Attributes
rom              0x0000000000000000 0x0000000000020000
sram             0x0000000010000000 0x0000000000002000
csr              0x00000000f0000000 0x0000000000010000
main_ram         0x0000000000000000 0xffffffffffffffff
*default*        0x0000000000000000 0xffffffffffffffff

Linker script and memory map

LOAD donut.o
LOAD helloc.o
LOAD crt0.o
LOAD main.o
START GROUP
LOAD ../../..//software/libc/libc.a
LOAD ../../..//software/libcompiler_rt/libcompiler_rt.a
LOAD ../../..//software/libbase/libbase.a
LOAD ../../..//software/libfatfs/libfatfs.a
LOAD ../../..//software/liblitespi/liblitespi.a
LOAD ../../..//software/liblitedram/liblitedram.a
LOAD ../../..//software/libliteeth/libliteeth.a
LOAD ../../..//software/liblitesdcard/liblitesdcard.a
LOAD ../../..//software/liblitesata/liblitesata.a
END GROUP
                0x0000000000000000                __DYNAMIC = 0x0

.text           0x0000000000000000      0xd34
                0x0000000000000000                _ftext = .
 *crt0*(.text)
 .text          0x0000000000000000      0x12c crt0.o
                0x0000000000000000                _start
                0x0000000000000020                trap_entry
 *crt0*(.text)
 *(.text.isr)
 .text.isr      0x000000000000012c       0xa4 ../../..//software/libbase/libbase.a(isr.o)
                0x000000000000012c                isr
 *(.text .stub .text.* .gnu.linkonce.t.*)
 .text.startup.main
                0x00000000000001d0       0x18 main.o
                0x00000000000001d0                main
 .text.printf   0x00000000000001e8       0x48 ../../..//software/libc/libc.a(minimal__home_alex_litex_myprojects_build_sim_software_include_.._picolibc_src_libc_stdio_printf.o)
                0x00000000000001e8                printf
 .text.__ultoa_invert
                0x0000000000000230       0x4c ../../..//software/libc/libc.a(minimal__home_alex_litex_myprojects_build_sim_software_include_.._picolibc_src_libc_stdio_vfiprintf.o)
 .text.vfprintf
                0x000000000000027c      0x660 ../../..//software/libc/libc.a(minimal__home_alex_litex_myprojects_build_sim_software_include_.._picolibc_src_libc_stdio_vfiprintf.o)
                0x000000000000027c                __i_vfprintf
                0x000000000000027c                vfprintf
 .text.litex_getc
                0x00000000000008dc       0x20 ../../..//software/libc/libc.a(_libc_minimal.a)
 .text.litex_putc
                0x00000000000008fc       0x3c ../../..//software/libc/libc.a(_libc_minimal.a)
 .text.strnlen  0x0000000000000938       0x24 ../../..//software/libc/libc.a(minimal__home_alex_litex_myprojects_build_sim_software_include_.._picolibc_src_libc_string_strnlen.o)
                0x0000000000000938                strnlen
 .text.uart_isr
                0x000000000000095c       0xe4 ../../..//software/libbase/libbase.a(uart.o)
                0x000000000000095c                uart_isr
 .text.uart_read
                0x0000000000000a40       0x80 ../../..//software/libbase/libbase.a(uart.o)
                0x0000000000000a40                uart_read
 .text.uart_read_nonblock
                0x0000000000000ac0       0x58 ../../..//software/libbase/libbase.a(uart.o)
                0x0000000000000ac0                uart_read_nonblock
 .text.uart_write
                0x0000000000000b18       0xcc ../../..//software/libbase/libbase.a(uart.o)
                0x0000000000000b18                uart_write
 .text.litex_startup_init
                0x0000000000000be4       0x70 ../../..//software/libbase/libbase.a(startup.o)
                0x0000000000000be4                litex_startup_init
 .text.irq_init
                0x0000000000000c54        0x4 ../../..//software/libbase/libbase.a(isr.o)
                0x0000000000000c54                irq_init
 .text.irq_attach
                0x0000000000000c58       0x64 ../../..//software/libbase/libbase.a(isr.o)
                0x0000000000000c58                irq_attach
 .text.__ctzsi2
                0x0000000000000cbc       0x78 ../../..//software/libcompiler_rt/libcompiler_rt.a(ctzsi2.o)
                0x0000000000000cbc                __ctzsi2
                0x0000000000000d34                _etext = .

.rodata         0x0000000000000d34       0xac
                0x0000000000000d38                . = ALIGN (0x8)
 *fill*         0x0000000000000d34        0x4 
                0x0000000000000d38                _frodata = .
 *(.rodata .rodata.* .gnu.linkonce.r.*)
 .rodata.main.str1.4
                0x0000000000000d38       0x1d main.o
 *fill*         0x0000000000000d55        0x3 
 .rodata.vfprintf.str1.4
                0x0000000000000d58       0x10 ../../..//software/libc/libc.a(minimal__home_alex_litex_myprojects_build_sim_software_include_.._picolibc_src_libc_stdio_vfiprintf.o)
 .rodata.vfprintf
                0x0000000000000d68       0x44 ../../..//software/libc/libc.a(minimal__home_alex_litex_myprojects_build_sim_software_include_.._picolibc_src_libc_stdio_vfiprintf.o)
 .rodata.irq_attach.str1.4
                0x0000000000000dac        0xc ../../..//software/libbase/libbase.a(isr.o)
 .rodata.isr.str1.4
                0x0000000000000db8       0x23 ../../..//software/libbase/libbase.a(isr.o)
 *(.rodata1)
 *(.srodata .srodata.*)
 *fill*         0x0000000000000ddb        0x1 
 .srodata.stdout
                0x0000000000000ddc        0x4 ../../..//software/libc/libc.a(_libc_minimal.a)
                0x0000000000000ddc                stdout
 *(.got .got.*)
 *(.toc .toc.*)
 FILL mask 0x00000000
                0x0000000000000de0                . = ALIGN (0x8)
                0x0000000000000de0                _erodata = .

.rela.dyn       0x0000000000000de0        0x0
 .rela.text     0x0000000000000de0        0x0 crt0.o
 .rela.text.litex_startup_init
                0x0000000000000de0        0x0 crt0.o

.preinit_array  0x0000000000000de0        0x0
                0x0000000000000de0                . = ALIGN (0x8)
                0x0000000000000de0                PROVIDE (__preinit_array_start = .)
 *(SORT_BY_NAME(.preinit_array.*))
 *(.preinit_array)
                0x0000000000000de0                PROVIDE (__preinit_array_end = .)

.init_array     0x0000000000000de0        0x0
                0x0000000000000de0                . = ALIGN (0x8)
                0x0000000000000de0                PROVIDE (__init_array_start = .)
 *(SORT_BY_NAME(.init_array.*))
 *(.init_array)
 *(SORT_BY_NAME(.ctors.*))
 *(.ctors)
                0x0000000000000de0                PROVIDE (__init_array_end = .)

.fini_array     0x0000000000000de0        0x0
                0x0000000000000de0                . = ALIGN (0x8)
                [!provide]                        PROVIDE (__fini_array_start = .)
 *(SORT_BY_NAME(.fini_array.*))
 *(.fini_array)
 *(SORT_BY_NAME(.dtors.*))
 *(.dtors)
                [!provide]                        PROVIDE (__fini_array_end = .)

.data           0x0000000010000000       0x10 load address 0x0000000000000de0
                0x0000000010000000                . = ALIGN (0x8)
                0x0000000010000000                _fdata = .
 *(.data .data.* .gnu.linkonce.d.*)
 .data.__stdio  0x0000000010000000       0x10 ../../..//software/libc/libc.a(_libc_minimal.a)
 *(.data1)
                0x0000000010000010                _gp = ALIGN (0x10)
 *(.sdata .sdata.* .gnu.linkonce.s.*)
 FILL mask 0x00000000
                0x0000000010000010                . = ALIGN (0x8)
                0x0000000010000010                _edata = .

.bss            0x0000000010000010      0x118 load address 0x0000000000000df0
                0x0000000010000010                . = ALIGN (0x8)
                0x0000000010000010                _fbss = .
 *(.dynsbss)
 *(.sbss .sbss.* .gnu.linkonce.sb.*)
 .sbss.rx_consume
                0x0000000010000010        0x4 ../../..//software/libbase/libbase.a(uart.o)
 .sbss.rx_produce
                0x0000000010000014        0x4 ../../..//software/libbase/libbase.a(uart.o)
 .sbss.tx_consume
                0x0000000010000018        0x4 ../../..//software/libbase/libbase.a(uart.o)
 .sbss.tx_produce
                0x000000001000001c        0x4 ../../..//software/libbase/libbase.a(uart.o)
 .sbss.irq_table
                0x0000000010000020        0x8 ../../..//software/libbase/libbase.a(isr.o)
                0x0000000010000020                irq_table
 *(.scommon)
 *(.dynbss)
 *(.bss .bss.* .gnu.linkonce.b.*)
 .bss.rx_buf    0x0000000010000028       0x80 ../../..//software/libbase/libbase.a(uart.o)
 .bss.tx_buf    0x00000000100000a8       0x80 ../../..//software/libbase/libbase.a(uart.o)
 *(COMMON)
                0x0000000010000128                . = ALIGN (0x8)
                0x0000000010000128                _ebss = .
                0x0000000010000128                _end = .
                0x0000000010002000                PROVIDE (_fstack = (ORIGIN (sram) + LENGTH (sram)))
                0x0000000000000de0                PROVIDE (_fdata_rom = LOADADDR (.data))
                [!provide]                        PROVIDE (_edata_rom = (LOADADDR (.data) + SIZEOF (.data)))
OUTPUT(demo.elf elf32-littleriscv)

.riscv.attributes
                0x0000000000000000       0x25
 .riscv.attributes
                0x0000000000000000       0x23 crt0.o
 .riscv.attributes
                0x0000000000000023       0x21 main.o
 .riscv.attributes
                0x0000000000000044       0x21 ../../..//software/libc/libc.a(minimal__home_alex_litex_myprojects_build_sim_software_include_.._picolibc_src_libc_stdio_printf.o)
 .riscv.attributes
                0x0000000000000065       0x21 ../../..//software/libc/libc.a(minimal__home_alex_litex_myprojects_build_sim_software_include_.._picolibc_src_libc_stdio_vfiprintf.o)
 .riscv.attributes
                0x0000000000000086       0x21 ../../..//software/libc/libc.a(_libc_minimal.a)
 .riscv.attributes
                0x00000000000000a7       0x21 ../../..//software/libc/libc.a(minimal__home_alex_litex_myprojects_build_sim_software_include_.._picolibc_src_libc_string_strnlen.o)
 .riscv.attributes
                0x00000000000000c8       0x25 ../../..//software/libbase/libbase.a(uart.o)
 .riscv.attributes
                0x00000000000000ed       0x21 ../../..//software/libbase/libbase.a(startup.o)
 .riscv.attributes
                0x000000000000010e       0x25 ../../..//software/libbase/libbase.a(isr.o)
 .riscv.attributes
                0x0000000000000133       0x21 ../../..//software/libcompiler_rt/libcompiler_rt.a(ctzsi2.o)

.comment        0x0000000000000000        0xf
 .comment       0x0000000000000000        0xf main.o
                                         0x10 (size before relaxing)
 .comment       0x000000000000000f       0x10 ../../..//software/libc/libc.a(minimal__home_alex_litex_myprojects_build_sim_software_include_.._picolibc_src_libc_stdio_printf.o)
 .comment       0x000000000000000f       0x10 ../../..//software/libc/libc.a(minimal__home_alex_litex_myprojects_build_sim_software_include_.._picolibc_src_libc_stdio_vfiprintf.o)
 .comment       0x000000000000000f       0x10 ../../..//software/libc/libc.a(_libc_minimal.a)
 .comment       0x000000000000000f       0x10 ../../..//software/libc/libc.a(minimal__home_alex_litex_myprojects_build_sim_software_include_.._picolibc_src_libc_string_strnlen.o)
 .comment       0x000000000000000f       0x10 ../../..//software/libbase/libbase.a(uart.o)
 .comment       0x000000000000000f       0x10 ../../..//software/libbase/libbase.a(startup.o)
 .comment       0x000000000000000f       0x10 ../../..//software/libbase/libbase.a(isr.o)
 .comment       0x000000000000000f       0x10 ../../..//software/libcompiler_rt/libcompiler_rt.a(ctzsi2.o)

.debug_line     0x0000000000000000     0x43f4
 .debug_line    0x0000000000000000      0x1f5 crt0.o
 .debug_line    0x00000000000001f5      0x2f6 main.o
 .debug_line    0x00000000000004eb      0x560 ../../..//software/libc/libc.a(minimal__home_alex_litex_myprojects_build_sim_software_include_.._picolibc_src_libc_stdio_printf.o)
 .debug_line    0x0000000000000a4b     0x1416 ../../..//software/libc/libc.a(minimal__home_alex_litex_myprojects_build_sim_software_include_.._picolibc_src_libc_stdio_vfiprintf.o)
 .debug_line    0x0000000000001e61      0x4c4 ../../..//software/libc/libc.a(_libc_minimal.a)
 .debug_line    0x0000000000002325      0x316 ../../..//software/libc/libc.a(minimal__home_alex_litex_myprojects_build_sim_software_include_.._picolibc_src_libc_string_strnlen.o)
 .debug_line    0x000000000000263b      0xdcc ../../..//software/libbase/libbase.a(uart.o)
 .debug_line    0x0000000000003407      0x4bc ../../..//software/libbase/libbase.a(startup.o)
 .debug_line    0x00000000000038c3      0x698 ../../..//software/libbase/libbase.a(isr.o)
 .debug_line    0x0000000000003f5b      0x499 ../../..//software/libcompiler_rt/libcompiler_rt.a(ctzsi2.o)

.debug_info     0x0000000000000000     0x1898
 .debug_info    0x0000000000000000       0x26 crt0.o
 .debug_info    0x0000000000000026       0xb2 main.o
 .debug_info    0x00000000000000d8      0x1f6 ../../..//software/libc/libc.a(minimal__home_alex_litex_myprojects_build_sim_software_include_.._picolibc_src_libc_stdio_printf.o)
 .debug_info    0x00000000000002ce      0x509 ../../..//software/libc/libc.a(minimal__home_alex_litex_myprojects_build_sim_software_include_.._picolibc_src_libc_stdio_vfiprintf.o)
 .debug_info    0x00000000000007d7      0x264 ../../..//software/libc/libc.a(_libc_minimal.a)
 .debug_info    0x0000000000000a3b       0xd7 ../../..//software/libc/libc.a(minimal__home_alex_litex_myprojects_build_sim_software_include_.._picolibc_src_libc_string_strnlen.o)
 .debug_info    0x0000000000000b12      0x78e ../../..//software/libbase/libbase.a(uart.o)
 .debug_info    0x00000000000012a0      0x192 ../../..//software/libbase/libbase.a(startup.o)
 .debug_info    0x0000000000001432      0x365 ../../..//software/libbase/libbase.a(isr.o)
 .debug_info    0x0000000000001797      0x101 ../../..//software/libcompiler_rt/libcompiler_rt.a(ctzsi2.o)

.debug_abbrev   0x0000000000000000      0xbce
 .debug_abbrev  0x0000000000000000       0x14 crt0.o
 .debug_abbrev  0x0000000000000014       0x75 main.o
 .debug_abbrev  0x0000000000000089      0x11c ../../..//software/libc/libc.a(minimal__home_alex_litex_myprojects_build_sim_software_include_.._picolibc_src_libc_stdio_printf.o)
 .debug_abbrev  0x00000000000001a5      0x24b ../../..//software/libc/libc.a(minimal__home_alex_litex_myprojects_build_sim_software_include_.._picolibc_src_libc_stdio_vfiprintf.o)
 .debug_abbrev  0x00000000000003f0      0x144 ../../..//software/libc/libc.a(_libc_minimal.a)
 .debug_abbrev  0x0000000000000534       0x8c ../../..//software/libc/libc.a(minimal__home_alex_litex_myprojects_build_sim_software_include_.._picolibc_src_libc_string_strnlen.o)
 .debug_abbrev  0x00000000000005c0      0x211 ../../..//software/libbase/libbase.a(uart.o)
 .debug_abbrev  0x00000000000007d1      0x11f ../../..//software/libbase/libbase.a(startup.o)
 .debug_abbrev  0x00000000000008f0      0x264 ../../..//software/libbase/libbase.a(isr.o)
 .debug_abbrev  0x0000000000000b54       0x7a ../../..//software/libcompiler_rt/libcompiler_rt.a(ctzsi2.o)

.debug_aranges  0x0000000000000000      0x190
 .debug_aranges
                0x0000000000000000       0x20 crt0.o
 .debug_aranges
                0x0000000000000020       0x20 main.o
 .debug_aranges
                0x0000000000000040       0x20 ../../..//software/libc/libc.a(minimal__home_alex_litex_myprojects_build_sim_software_include_.._picolibc_src_libc_stdio_printf.o)
 .debug_aranges
                0x0000000000000060       0x28 ../../..//software/libc/libc.a(minimal__home_alex_litex_myprojects_build_sim_software_include_.._picolibc_src_libc_stdio_vfiprintf.o)
 .debug_aranges
                0x0000000000000088       0x28 ../../..//software/libc/libc.a(_libc_minimal.a)
 .debug_aranges
                0x00000000000000b0       0x20 ../../..//software/libc/libc.a(minimal__home_alex_litex_myprojects_build_sim_software_include_.._picolibc_src_libc_string_strnlen.o)
 .debug_aranges
                0x00000000000000d0       0x48 ../../..//software/libbase/libbase.a(uart.o)
 .debug_aranges
                0x0000000000000118       0x20 ../../..//software/libbase/libbase.a(startup.o)
 .debug_aranges
                0x0000000000000138       0x38 ../../..//software/libbase/libbase.a(isr.o)
 .debug_aranges
                0x0000000000000170       0x20 ../../..//software/libcompiler_rt/libcompiler_rt.a(ctzsi2.o)

.debug_str      0x0000000000000000     0xf682
 .debug_str     0x0000000000000000       0x84 crt0.o
 .debug_str     0x0000000000000084     0x4c23 main.o
                                       0x4d86 (size before relaxing)
 .debug_str     0x0000000000004ca7     0x5cca ../../..//software/libc/libc.a(minimal__home_alex_litex_myprojects_build_sim_software_include_.._picolibc_src_libc_stdio_printf.o)
                                       0xad1d (size before relaxing)
 .debug_str     0x000000000000a971     0x300c ../../..//software/libc/libc.a(minimal__home_alex_litex_myprojects_build_sim_software_include_.._picolibc_src_libc_stdio_vfiprintf.o)
                                       0xdd4a (size before relaxing)
 .debug_str     0x000000000000d97d     0x144e ../../..//software/libc/libc.a(_libc_minimal.a)
                                       0x6f11 (size before relaxing)
 .debug_str     0x000000000000edcb       0x6d ../../..//software/libc/libc.a(minimal__home_alex_litex_myprojects_build_sim_software_include_.._picolibc_src_libc_string_strnlen.o)
                                       0x422c (size before relaxing)
 .debug_str     0x000000000000ee38      0x29f ../../..//software/libbase/libbase.a(uart.o)
                                       0x63d5 (size before relaxing)
 .debug_str     0x000000000000f0d7       0xc0 ../../..//software/libbase/libbase.a(startup.o)
                                       0x61e3 (size before relaxing)
 .debug_str     0x000000000000f197       0x77 ../../..//software/libbase/libbase.a(isr.o)
                                       0x6ece (size before relaxing)
 .debug_str     0x000000000000f20e      0x474 ../../..//software/libcompiler_rt/libcompiler_rt.a(ctzsi2.o)
                                       0x5bb6 (size before relaxing)

.debug_ranges   0x0000000000000000      0x488
 .debug_ranges  0x0000000000000000       0x10 main.o
 .debug_ranges  0x0000000000000010       0x10 ../../..//software/libc/libc.a(minimal__home_alex_litex_myprojects_build_sim_software_include_.._picolibc_src_libc_stdio_printf.o)
 .debug_ranges  0x0000000000000020      0x110 ../../..//software/libc/libc.a(minimal__home_alex_litex_myprojects_build_sim_software_include_.._picolibc_src_libc_stdio_vfiprintf.o)
 .debug_ranges  0x0000000000000130       0x18 ../../..//software/libc/libc.a(_libc_minimal.a)
 .debug_ranges  0x0000000000000148       0x10 ../../..//software/libc/libc.a(minimal__home_alex_litex_myprojects_build_sim_software_include_.._picolibc_src_libc_string_strnlen.o)
 .debug_ranges  0x0000000000000158      0x228 ../../..//software/libbase/libbase.a(uart.o)
 .debug_ranges  0x0000000000000380       0x50 ../../..//software/libbase/libbase.a(startup.o)
 .debug_ranges  0x00000000000003d0       0xa8 ../../..//software/libbase/libbase.a(isr.o)
 .debug_ranges  0x0000000000000478       0x10 ../../..//software/libcompiler_rt/libcompiler_rt.a(ctzsi2.o)

.debug_macro    0x0000000000000000     0x25b0
 .debug_macro   0x0000000000000000       0xc1 main.o
 .debug_macro   0x00000000000000c1       0x16 main.o
 .debug_macro   0x00000000000000d7      0x241 ../../..//software/libc/libc.a(minimal__home_alex_litex_myprojects_build_sim_software_include_.._picolibc_src_libc_stdio_printf.o)
 .debug_macro   0x0000000000000318      0x2d8 ../../..//software/libc/libc.a(minimal__home_alex_litex_myprojects_build_sim_software_include_.._picolibc_src_libc_stdio_vfiprintf.o)
 .debug_macro   0x00000000000005f0       0x16 ../../..//software/libc/libc.a(minimal__home_alex_litex_myprojects_build_sim_software_include_.._picolibc_src_libc_stdio_vfiprintf.o)
 .debug_macro   0x0000000000000606       0x10 ../../..//software/libc/libc.a(minimal__home_alex_litex_myprojects_build_sim_software_include_.._picolibc_src_libc_stdio_vfiprintf.o)
 .debug_macro   0x0000000000000616      0x73e ../../..//software/libc/libc.a(minimal__home_alex_litex_myprojects_build_sim_software_include_.._picolibc_src_libc_stdio_vfiprintf.o)
 .debug_macro   0x0000000000000d54       0x10 ../../..//software/libc/libc.a(minimal__home_alex_litex_myprojects_build_sim_software_include_.._picolibc_src_libc_stdio_vfiprintf.o)
 .debug_macro   0x0000000000000d64       0x6a ../../..//software/libc/libc.a(minimal__home_alex_litex_myprojects_build_sim_software_include_.._picolibc_src_libc_stdio_vfiprintf.o)
 .debug_macro   0x0000000000000dce      0x19d ../../..//software/libc/libc.a(minimal__home_alex_litex_myprojects_build_sim_software_include_.._picolibc_src_libc_stdio_vfiprintf.o)
 .debug_macro   0x0000000000000f6b       0x41 ../../..//software/libc/libc.a(minimal__home_alex_litex_myprojects_build_sim_software_include_.._picolibc_src_libc_stdio_vfiprintf.o)
 .debug_macro   0x0000000000000fac       0x82 ../../..//software/libc/libc.a(minimal__home_alex_litex_myprojects_build_sim_software_include_.._picolibc_src_libc_stdio_vfiprintf.o)
 .debug_macro   0x000000000000102e       0x18 ../../..//software/libc/libc.a(minimal__home_alex_litex_myprojects_build_sim_software_include_.._picolibc_src_libc_stdio_vfiprintf.o)
 .debug_macro   0x0000000000001046      0x12e ../../..//software/libc/libc.a(_libc_minimal.a)
 .debug_macro   0x0000000000001174       0x6a ../../..//software/libc/libc.a(_libc_minimal.a)
 .debug_macro   0x00000000000011de      0x1df ../../..//software/libc/libc.a(_libc_minimal.a)
 .debug_macro   0x00000000000013bd       0x8e ../../..//software/libc/libc.a(_libc_minimal.a)
 .debug_macro   0x000000000000144b       0xf6 ../../..//software/libc/libc.a(_libc_minimal.a)
 .debug_macro   0x0000000000001541       0x22 ../../..//software/libc/libc.a(_libc_minimal.a)
 .debug_macro   0x0000000000001563       0x1c ../../..//software/libc/libc.a(_libc_minimal.a)
 .debug_macro   0x000000000000157f       0x50 ../../..//software/libc/libc.a(_libc_minimal.a)
 .debug_macro   0x00000000000015cf      0x190 ../../..//software/libc/libc.a(_libc_minimal.a)
 .debug_macro   0x000000000000175f       0xab ../../..//software/libc/libc.a(minimal__home_alex_litex_myprojects_build_sim_software_include_.._picolibc_src_libc_string_strnlen.o)
 .debug_macro   0x000000000000180a       0xa2 ../../..//software/libc/libc.a(minimal__home_alex_litex_myprojects_build_sim_software_include_.._picolibc_src_libc_string_strnlen.o)
 .debug_macro   0x00000000000018ac       0x10 ../../..//software/libc/libc.a(minimal__home_alex_litex_myprojects_build_sim_software_include_.._picolibc_src_libc_string_strnlen.o)
 .debug_macro   0x00000000000018bc       0xf9 ../../..//software/libbase/libbase.a(uart.o)
 .debug_macro   0x00000000000019b5       0xd8 ../../..//software/libbase/libbase.a(startup.o)
 .debug_macro   0x0000000000001a8d      0x131 ../../..//software/libbase/libbase.a(isr.o)
 .debug_macro   0x0000000000001bbe       0xd8 ../../..//software/libcompiler_rt/libcompiler_rt.a(ctzsi2.o)
 .debug_macro   0x0000000000001c96      0x718 ../../..//software/libcompiler_rt/libcompiler_rt.a(ctzsi2.o)
 .debug_macro   0x00000000000023ae       0x34 ../../..//software/libcompiler_rt/libcompiler_rt.a(ctzsi2.o)
 .debug_macro   0x00000000000023e2      0x184 ../../..//software/libcompiler_rt/libcompiler_rt.a(ctzsi2.o)
 .debug_macro   0x0000000000002566       0x16 ../../..//software/libcompiler_rt/libcompiler_rt.a(ctzsi2.o)
 .debug_macro   0x000000000000257c       0x12 ../../..//software/libcompiler_rt/libcompiler_rt.a(ctzsi2.o)
 .debug_macro   0x000000000000258e       0x22 ../../..//software/libcompiler_rt/libcompiler_rt.a(ctzsi2.o)

.debug_loc      0x0000000000000000      0xf31
 .debug_loc     0x0000000000000000       0x2c ../../..//software/libc/libc.a(minimal__home_alex_litex_myprojects_build_sim_software_include_.._picolibc_src_libc_stdio_printf.o)
 .debug_loc     0x000000000000002c      0x7fd ../../..//software/libc/libc.a(minimal__home_alex_litex_myprojects_build_sim_software_include_.._picolibc_src_libc_stdio_vfiprintf.o)
 .debug_loc     0x0000000000000829       0x63 ../../..//software/libc/libc.a(_libc_minimal.a)
 .debug_loc     0x000000000000088c       0xbf ../../..//software/libc/libc.a(minimal__home_alex_litex_myprojects_build_sim_software_include_.._picolibc_src_libc_string_strnlen.o)
 .debug_loc     0x000000000000094b      0x2e0 ../../..//software/libbase/libbase.a(uart.o)
 .debug_loc     0x0000000000000c2b       0x6c ../../..//software/libbase/libbase.a(startup.o)
 .debug_loc     0x0000000000000c97      0x11e ../../..//software/libbase/libbase.a(isr.o)
 .debug_loc     0x0000000000000db5      0x17c ../../..//software/libcompiler_rt/libcompiler_rt.a(ctzsi2.o)
